1 Activable
1 context-blender
1 expect.js
1 haml.js
1 jmpress.js
1 jquery-mousewheel
1 jsmidi
1 ligament.js
1 Lungo.js
1 lyfe
1 nude.js
1 page.js
1 pdf.js
2 adapt
2 audiojs
2 bitbucket.js
2 cohorts
2 flexie
2 humane-js
2 jquery-flexselect
2 jquery.hotkeys
2 jquery.path
2 jQuery-Placeholder
2 jquery-scrolldepth
2 jquery-smartresize
2 jStorage
2 livequery
2 match
2 primer
2 promptu-menu
2 selectivizr
2 tinycon
2 yui-twitter
3 cufon
3 customSelect
3 dynamo.js
3 fathom
3 findAndReplaceDOMText
3 fixie
3 fuckitjs
3 JavaScript-Load-Image
3 jQCloud
3 jquery-autocomplete
3 jQuery-Collapse
3 jquery-cookie
3 jquery.inview
3 jquery.transform.js
3 low-pro-for-jquery
3 mofo
3 phantom-limb
3 scopeleaks
3 selector-queries
3 timeframe
3 tufte-graph
3 twitterlib
3 xauth
3 xstats.js
3 yui-yql
4 babilu
4 creditcard_js
4 emile
4 eventproxy
4 FlyJSONP
4 Humane-Dates
4 jquery-metadata
4 keymaster
4 mousetrap
4 node-uuid
4 paging_keys_js
4 satisfy
4 soundcloud-custom-player
4 stickySectionHeaders
5 async
5 csg.js
5 EventEmitter
5 JavaScript-Templates
5 jquery-jsonp
5 jwerty
5 laconic
5 liquidmetal
5 mailcheck
5 MaSha
5 minimal.js
5 node-static
5 Overthrow
5 pebbles
5 Porter
5 Postman
5 relevancy.js
5 Respond
5 role
5 sticky
5 suggest
5 tempo
5 trident-js
5 wu.js
6 BiSON.js
6 H5F
6 jDataView
6 jester
6 jQuery-Animate-Enhanced
6 jquery_example
6 jQuery-Retina
6 klass
6 pavlov
6 put-selector
6 qc.js
6 raphael-svg-import
6 store.js
6 svarx
6 thumbs.js
6 whenever.js
7 backbone-deep-model
7 backbone_query
7 backbone-tastypie
7 filer.js
7 jquery.kinetic
7 jquery-waypoints
7 json3
7 jsrender
7 kratko.js
7 platform.js
7 raty
7 simplecart-js
7 skrollr
7 underscore.deferred
8 Backbone-relational
8 boomerang
8 chaplin
8 Do
8 es6-shim
8 EventSource
8 github-badges
8 Happy.js
8 JAIL
8 jribbble
8 js-imagediff
8 jspp
8 JS-Redirection-Mobile-Site
8 livevalidation
8 load.js
8 persist-js
8 Presenteer.js
8 sausage
8 scroller
8 stellar.js
8 text
8 todos
9 eCSSential
9 fusebox
9 html5-boilerplate-for-wordpress
9 iviewer
9 jcarousel
9 jquery-carousel-lite
9 jQuery-EasyTabs
9 jQuery-Plugins
9 jQuery-Smart-Auto-Complete
9 jquery-week-calendar
9 Juicer
9 music.js
9 node-htmlparser
9 weld
10 APIConnect
10 bootstrap-tour
10 device.js
10 emailjs
10 growl-prototype
10 haml-js
10 jasmine-reporters
10 javascript-state-machine
10 jquery-tmpl
10 knockout.mapping
10 nimble
10 node-readability
10 Rails-3-HTML5-Boilerplate
10 rivets
10 scriptaculous
10 supermodel
10 timeline-setter
10 tty.js
11 agility
11 Backbone.localStorage
11 backbone-nested
11 benchmark.js
11 Donatello
11 i18next
11 jQuery-File-Upload
11 knockout-sortable
12 g.raphael
12 headjs
12 ICanHaz.js
12 LABjs
12 sizzle
12 sprite.js
13 backbone.layoutmanager
13 basket.js
13 es5-shim
13 infinite-scroll
13 javascript-astar
13 jqTree
13 node-websocket-server
13 py2js
13 shining
13 ui
13 zoomooz
14 bootbox
14 filtrr
14 html5shiv
14 javascript-stacktrace
14 jquery-mockjax
14 LiveScript
14 phonegap-start
14 selectorgadget
14 session.js
14 transform
14 underscore
14 yepnope.js
15 accounting.js
15 Alice
15 appengine-boilerplate
15 bookreader
15 html5please
15 imgareaselect
15 jquery.maskedinput
15 jquery-ui
15 jsnes
15 list
15 livereload
15 renren-api-javascript-sdk
15 strophejs
15 uni-form
15 xdate
16 backbone-boilerplate
16 jquery.eventsource
16 lawnchair
16 node.websocket.js
17 jquery-cluetip
17 jQuery-Lint
17 q
17 qunit
17 recurly-js
17 thorax
17 zepto
18 derby
18 jmapping
18 jquery-color
18 qwery
18 soca
18 underscore.string
19 artTemplate
19 backbone-prototype
19 gas
19 PagedList
19 syn
19 writeCapture
20 has.js
20 html2canvas
20 noVNC
20 polypage
20 stapes
20 toolkit
21 backbone
21 collusion
21 deck.js
21 jelly
21 jquerytools
21 JSONSelect
21 jsPDF
21 spine
21 WebGLCraft
22 Faker.js
22 fbootstrapp
22 locache
22 Magento-Boilerplate
22 XRegExp
23 almond
24 dc.js
24 script.js
24 Seriously.js
25 ico
26 backbone.modelbinding
26 Flux-Slider
26 pouchdb
26 QuoJS
27 jasmine-ajax
27 nwm
27 o_O
28 calendar_date_select
28 CSSOM
28 jquery-address
28 jquery-ui-bootstrap
28 node.io
28 pivot.js
29 date_input
29 livepipe-ui
30 pusher-js
30 remoteStorage.js
31 blue-ridge
31 dancer.js
31 jim
31 jquery_jeditable
31 nwmatcher
31 SlickGrid
31 twitter-text-js
31 ymacs
32 Backbone.ModelBinder
32 easyXDM
32 jaws
32 rainbow
32 superagent
33 backbone-express-mongoose-socketio
33 chai
33 create
33 jquery-cssHooks
33 video-js
34 amplify
34 brequire
34 PhotoSwipe
34 synapse
34 SyntaxHighlighter
34 turing.js
35 phonegap-samples
36 backbone-ui
36 geo
36 history.js
36 jquery-hashchange
36 jstree
36 Sinon.JS
36 URI.js
37 akihabara
37 jquery-bbq
37 KineticJS
38 jquery-hive
39 Monocle
40 jquery-timeago
40 yeoman.io
41 bootstrap-datepicker
41 fullcalendar
41 obviel
41 unveil
42 backbone-aura
42 esprima
43 backbone-forms
43 jQ.Mobi
44 data
44 persistencejs
44 RedisLive
45 lodash
46 VIE
46 wire
47 javascript-book
47 screw-unit
49 protolicious
50 backbone-boilerplates
51 android-actionbarstylegenerator
51 dataset
52 jqfundamentals
52 low-pro
55 streamlinejs
56 glow1
58 Crafty
58 hookbox
58 jquery.entwine
58 Kickstrap
59 documentjs
59 funcunit
60 grunt
60 jasmine
60 mochikit
62 eyeballs.js
62 jscex
62 knockout
62 learn.jquery.com
62 rbdb
62 syntaxhighlighter
63 javelin
63 modestmaps-js
64 biwascheme
64 scripty2
65 common-node
65 contracts.coffee
65 curl
65 fontello
66 bootstrap-sass-scss-compass
66 lazyload
68 backbone.marionette
68 hogan.js
68 recline
70 js-model
71 pagedown-bootstrap
72 bootstrap
72 sass-twitter-bootstrap
72 sylvester
72 wymeditor
73 jquery-validation
74 RapidFTR
74 Tilt
74 uki
75 kindeditor
77 CodeMirror2
78 jwysiwyg
80 gl-matrix
81 wax
83 yui-functional
84 git.js
85 shapesmith
88 enchant.js
88 treesaver
89 jo
91 backbone-fundamentals
93 openspendingjs
93 POSTMan-Chrome-Extension
93 vexflow
94 zen-coding
95 etherpad-lite
95 openbadges
95 redmine_backlogs
96 nodeclub
99 jQuery-Chrono
102 js-signals
102 Leaflet
103 sammy
104 paper.js
107 Modernizr
108 tiddlywiki
109 calipso
109 popcorn-js
111 wysihtml5
114 rightjs-core
115 datacouch
115 tombloo
117 Massive-Coupon---Open-source-groupon-clone
118 philogl
119 prototype
120 wysihat
122 jquerymx
127 protovis
129 jquerypp
130 ice
131 canjs
131 jquery-mobile
138 domnode
140 loadrunner
141 openwebapps
144 substance
146 Flotr2
146 yabble
148 machina.js
152 dustjs
152 mindmaps
153 brackets
154 butter
154 Extensible
155 VivaGraphJS
162 jquip
162 yui_toolbar
163 skywriter
181 emscripten
181 tile5
183 tinymce
187 nodechat-tutorial
191 swagger-ui
192 windmill
194 mwf
194 steal
197 dygraphs
199 enyo
202 chromeless
204 Control
211 html5-game-template
216 wp-front-end-editor
219 TermKit
225 coweb
228 envisionjs
247 jsts
251 three.js
258 TheRenderEngine
267 gaia
268 mootools
282 Sugar
300 seajs
317 khan-exercises
321 ace
325 TiddlyWiki5
327 cloud9
332 r.js
336 ember.js
351 requirejs
355 Datejs
356 DataTables
362 env-js
368 jquery.dform
369 globalize
374 angular.js
377 d3
377 railsapps.github.com
384 studio3
399 orion.client
403 openlayers
403 Tangram-component
406 olelo
410 Aloha-Editor
412 OpenLayers-2.12
415 quote-stream
418 lernanta
436 chrome-app-samples
458 openmind
465 tquery
488 Tangram-base
518 dreadnot
527 gladius-core
548 nodeunit
548 postal.js
550 NewsBlur
578 ninja
578 wro4j
640 montage
671 ansuz
696 jam
726 instiki
746 firebug
748 todomvc
755 countly-server
758 jquery
785 mojito
804 chico
925 phpjs
937 kissy
1169 wtfjs
1217 MathJax
1376 JUTE
1561 dmv
2026 yui3
2235 qooxdoo
2357 yui3-gallery
2535 core
6003 dojo-release-1.7.3-src
6933 spidernode
