0 result/accounting.js.sim
0 result/Activable.sim
0 result/activejs.sim
0 result/adapt.sim
0 result/agility.sim
0 result/akihabara.sim
0 result/alloy.sim
0 result/angular-seed.sim
0 result/artTemplate.sim
0 result/azure-sdk-for-node.sim
0 result/babilu.sim
0 result/backbone-deep-model.sim
0 result/backbone-forms.sim
0 result/Backbone.localStorage.sim
0 result/backbone_query.sim
0 result/Backbone-relational.sim
0 result/backbone-tastypie.sim
0 result/basket.js.sim
0 result/better-edit-in-place.sim
0 result/BiSON.js.sim
0 result/bitbucket.js.sim
0 result/boomerang.sim
0 result/bootbox.sim
0 result/bootstrap-datepicker.sim
0 result/brequire.sim
0 result/btapp.sim
0 result/c2.sim
0 result/cartodb.sim
0 result/chaplin.sim
0 result/coco.sim
0 result/cohorts.sim
0 result/compose.sim
0 result/connect.sim
0 result/context-blender.sim
0 result/Cookies.sim
0 result/cqs.sim
0 result/Crafty.sim
0 result/create.sim
0 result/creditcard_js.sim
0 result/csslint.sim
0 result/CSSOM.sim
0 result/cufon.sim
0 result/customSelect.sim
0 result/date_input.sim
0 result/dc.js.sim
0 result/deck.js.sim
0 result/derby.sim
0 result/dgrid.sim
0 result/director.sim
0 result/documentjs.sim
0 result/Donatello.sim
0 result/Do.sim
0 result/dotfiles.github.com.sim
0 result/dynamo.js.sim
0 result/echowaves.sim
0 result/ejs.sim
0 result/elasticsearch-head.sim
0 result/emile.sim
0 result/EpicEditor.sim
0 result/es6-shim.sim
0 result/EventEmitter.sim
0 result/eventproxy.sim
0 result/EventSource.sim
0 result/expect.js.sim
0 result/express.sim
0 result/fathom.sim
0 result/faye.sim
0 result/filed.sim
0 result/filer.js.sim
0 result/files.lst.sim
0 result/file-uploader.sim
0 result/findAndReplaceDOMText.sim
0 result/firmin.sim
0 result/fixie.sim
0 result/flask-debugtoolbar.sim
0 result/flexie.sim
0 result/FlexSlider.sim
0 result/flotomatic.sim
0 result/FlyJSONP.sim
0 result/focused_controller.sim
0 result/fuckitjs.sim
0 result/fullcalendar.sim
0 result/fusejs.sim
0 result/gas.sim
0 result/gcli.sim
0 result/gibberish-aes.sim
0 result/github-badges.sim
0 result/glow1.sim
0 result/gollum.sim
0 result/g.raphael.sim
0 result/grasshopper.sim
0 result/grunt-contrib.sim
0 result/haml.js.sim
0 result/Happy.js.sim
0 result/has.js.sim
0 result/hbs.sim
0 result/headjs.sim
0 result/homeland.sim
0 result/html5please.sim
0 result/Hub-List_GTD-Productivity.sim
0 result/Humane-Dates.sim
0 result/humane-js.sim
0 result/i18next.sim
0 result/imgareaselect.sim
0 result/incubator-cordova-js.sim
0 result/infinite-scroll.sim
0 result/iviewer.sim
0 result/jade.sim
0 result/jasmine-jquery.sim
0 result/javascript-astar.sim
0 result/JavaScript-Load-Image.sim
0 result/javascript-stacktrace.sim
0 result/javascript-state-machine.sim
0 result/JavaScript-Templates.sim
0 result/javelin.sim
0 result/jaws.sim
0 result/Jed.sim
0 result/jester.sim
0 result/jim.sim
0 result/jit.sim
0 result/jmpress.js.sim
0 result/jobberrails.sim
0 result/joconut.sim
0 result/joshfire-framework.sim
0 result/jo.sim
0 result/jQCloud.sim
0 result/jquery-autocomplete.sim
0 result/jquery-claypool.sim
0 result/jQuery-Collapse.sim
0 result/jquery-cookie.sim
0 result/jQuery-Css3-Finalize.sim
0 result/jquery.dform.sim
0 result/jQuery-EasyTabs.sim
0 result/jquery_example.sim
0 result/jquery-flexselect.sim
0 result/jQuery.fracs.sim
0 result/jquery.inview.sim
0 result/jquery-jsonp.sim
0 result/jQuery-Lint.sim
0 result/jquery-metadata.sim
0 result/jquery-mobile-angular-adapter.sim
0 result/jquery-mousewheel.sim
0 result/jquery.path.sim
0 result/jQuery-Placeholder.sim
0 result/jQuery-Plugins.sim
0 result/jquery-scrolldepth.sim
0 result/jQuery-Smart-Auto-Complete.sim
0 result/jquery-smartresize.sim
0 result/jquery.split.tar.sim
0 result/jQuery-Tags-Input.sim
0 result/jquery-timeago.sim
0 result/jquery.transform.js.sim
0 result/jquery-waypoints.sim
0 result/jq-wysihat.sim
0 result/jribbble.sim
0 result/js-assessment.sim
0 result/js.class.sim
0 result/jsdoc.sim
0 result/jsmidi.sim
0 result/js-model.sim
0 result/jsOAuth.sim
0 result/JS-Redirection-Mobile-Site.sim
0 result/jsrender.sim
0 result/jstat.sim
0 result/jStorage.sim
0 result/jsts.sim
0 result/jszip.sim
0 result/Juicer.sim
0 result/JUTE.sim
0 result/jwerty.sim
0 result/keydown.sim
0 result/keymaster.sim
0 result/KineticJS.sim
0 result/klass.sim
0 result/knockout.mapping.sim
0 result/kratko.js.sim
0 result/LABjs.sim
0 result/laconic.sim
0 result/lawnchair.sim
0 result/ligament.js.sim
0 result/list.sim
0 result/livequery.sim
0 result/livereload.sim
0 result/LiveScript.sim
0 result/load.js.sim
0 result/locache.sim
0 result/low-pro-for-jquery.sim
0 result/low-pro.sim
0 result/lumbar.sim
0 result/Lungo.js.sim
0 result/lyfe.sim
0 result/mailcheck.sim
0 result/markdown-js.sim
0 result/marked.sim
0 result/MaSha.sim
0 result/mass-Framework.sim
0 result/masteringnode.sim
0 result/meeting-ticker.sim
0 result/mercury.sim
0 result/minimal.js.sim
0 result/mofo.sim
0 result/Monocle.sim
0 result/mothereffinganimatedgif.sim
0 result/motionjs.sim
0 result/mousetrap.sim
0 result/move.sim
0 result/multi-select.sim
0 result/music.js.sim
0 result/Mu.sim
0 result/mxui.sim
0 result/neo4js.sim
0 result/nerve.sim
0 result/newsmonger.sim
0 result/nimble.sim
0 result/node-build-script.sim
0 result/node-crawler.sim
0 result/node-fluent-ffmpeg.sim
0 result/node.io.sim
0 result/node-jqtpl.sim
0 result/node-jquery.sim
0 result/node-o3-canvas.sim
0 result/node-qrcode.sim
0 result/node-querystring.sim
0 result/node-trumpet.sim
0 result/node.websocket.js.sim
0 result/node-websocket-server.sim
0 result/node-weibo.sim
0 result/not-working.txt.sim
0 result/npm-www.sim
0 result/nude.js.sim
0 result/nwmatcher.sim
0 result/o_O.sim
0 result/OpenLayers-2.12.tar.gz.sim
0 result/openoverflow.sim
0 result/Overthrow.sim
0 result/page.js.sim
0 result/paging_keys_js.sim
0 result/pdf.js.sim
0 result/pebbles.sim
0 result/pegjs.sim
0 result/persistencejs.sim
0 result/phantom-limb.sim
0 result/phonegap-plugins.sim
0 result/phonegap.sim
0 result/PhotoSwipe.sim
0 result/pivot.js.sim
0 result/plates.sim
0 result/polypage.sim
0 result/Porter.sim
0 result/Postman.sim
0 result/pouchdb.sim
0 result/Presenteer.js.sim
0 result/primer.sim
0 result/promptu-menu.sim
0 result/puffer.sim
0 result/punch.sim
0 result/put-selector.sim
0 result/py2js.results.sim
0 result/py2js.sim
0 result/qc.js.sim
0 result/q.sim
0 result/railsyardcms.sim
0 result/rainbow.sim
0 result/raphael-svg-import.sim
0 result/raty.sim
0 result/Reel.sim
0 result/relevancy.js.sim
0 result/remoteStorage.js.sim
0 result/renren-api-javascript-sdk.sim
0 result/requirejs-rails.sim
0 result/Respond.sim
0 result/retinajs.sim
0 result/rivets.sim
0 result/role.sim
0 result/satisfy.sim
0 result/sawpf.sim
0 result/scopeleaks.sim
0 result/scout-app.sim
0 result/scroller.sim
0 result/scrubyt.sim
0 result/seajs.sim
0 result/selectivizr.sim
0 result/selector-queries.sim
0 result/Seriously.js.sim
0 result/server-configs.sim
0 result/session.js.sim
0 result/shining.sim
0 result/simplecart-js.sim
0 result/sisyphus.sim
0 result/skrollr.sim
0 result/Smallest-Federated-Wiki.sim
0 result/sockjs-client.sim
0 result/so-starving.sim
0 result/soundcloud-custom-player.sim
0 result/SoundManager2.sim
0 result/sourcekit.sim
0 result/spahql.sim
0 result/spine.app.sim
0 result/spine.sim
0 result/sprite.js.sim
0 result/sproutcore.sim
0 result/sticky.sim
0 result/strata.sim
0 result/strophejs.sim
0 result/superagent.sim
0 result/supermodel.sim
0 result/svarx.sim
0 result/swig.sim
0 result/sylvester.sim
0 result/tempo.sim
0 result/terrificjs.sim
0 result/thumbs.js.sim
0 result/toolkit.sim
0 result/tower.sim
0 result/Tree.sim
0 result/trident-js.sim
0 result/tty.js.sim
0 result/tufte-graph.sim
0 result/turing.js.sim
0 result/twitterlib.sim
0 result/ui.sim
0 result/uki.sim
0 result/underscore.string.sim
0 result/uni-form.sim
0 result/vault.sim
0 result/vertebrae.sim
0 result/vim.sim
0 result/walrus.sim
0 result/webgl-2d.sim
0 result/WebIntents.sim
0 result/webjs.sim
0 result/WebSocket-Node.sim
0 result/weld.sim
0 result/wet-boew.sim
0 result/whenever.js.sim
0 result/wu.js.sim
0 result/xauth.sim
0 result/xdate.sim
0 result/xjst.sim
0 result/xlsuite.sim
0 result/x.rb.sim
0 result/XRegExp.sim
0 result/x.sim
0 result/xstats.js.sim
0 result/xui.sim
0 result/yabble.sim
0 result/yepnope.js.sim
0 result/yeti.sim
0 result/ymacs.sim
0 result/yui3.sim
0 result/yui-functional.sim
0 result/yui-twitter.sim
0 result/yui-yql.sim
0 result/zepto.sim
0 result/zoomooz.sim
1 result/almond.sim
1 result/audiojs.sim
1 result/backbone.layoutmanager.sim
1 result/biwascheme.sim
1 result/calendar_date_select.sim
1 result/coweb.sim
1 result/csg.js.sim
1 result/curl.sim
1 result/eCSSential.sim
1 result/es5-shim.sim
1 result/Extensible.sim
1 result/Flux-Slider.sim
1 result/H5F.sim
1 result/haml-js.sim
1 result/ICanHaz.js.sim
1 result/jQuery-File-Upload.sim
1 result/jspp.sim
1 result/lazyload.sim
1 result/Leaflet.sim
1 result/liquidmetal.sim
1 result/match.sim
1 result/modestmaps-js.sim
1 result/node-uuid.sim
1 result/pusher-js.sim
1 result/Rails-3-HTML5-Boilerplate.sim
1 result/tinycon.sim
1 result/underscore.deferred.sim
1 result/wire.sim
2 result/backbone.sim
2 result/bookreader.sim
2 result/butter.sim
2 result/emailjs.sim
2 result/Faker.js.sim
2 result/fbootstrapp.sim
2 result/hogan.js.sim
2 result/html5-boilerplate-for-wordpress.sim
2 result/html5shiv.sim
2 result/jquery.maskedinput.sim
2 result/jsPDF.sim
2 result/Modernizr.sim
2 result/node-htmlparser.sim
2 result/node-readability.sim
2 result/persist-js.sim
2 result/qunit.sim
2 result/Sinon.JS.sim
2 result/store.js.sim
2 result/streamlinejs.sim
2 result/Sugar.sim
3 result/easyXDM.sim
3 result/enchant.js.sim
3 result/git.js.sim
3 result/jquery-color.sim
3 result/requirejs.sim
3 result/SyntaxHighlighter.sim
3 result/underscore.sim
3 result/video-js.sim
3 result/yeoman.io.sim
4 result/Backbone.ModelBinder.sim
4 result/backbone-prototype.sim
4 result/chai.sim
4 result/dataset.sim
4 result/jmapping.sim
4 result/jqTree.sim
4 result/jquery-hive.sim
4 result/jquery.kinetic.sim
4 result/jquery-tmpl.sim
4 result/knockout-sortable.sim
4 result/pavlov.sim
4 result/script.js.sim
4 result/syntaxhighlighter.sim
4 result/TheRenderEngine.sim
5 result/DataTables.sim
5 result/jQ.Mobi.sim
5 result/jquery-cssHooks.sim
5 result/Magento-Boilerplate.sim
5 result/phonegap-start.sim
5 result/qwery.sim
5 result/SlickGrid.sim
5 result/spidernode.sim
5 result/stickySectionHeaders.sim
6 result/javascript-book.sim
6 result/jQuery-Retina.sim
6 result/mwf.sim
6 result/RapidFTR.sim
6 result/text.sim
7 result/backbone.modelbinding.sim
7 result/chromeless.sim
7 result/common-node.sim
7 result/domnode.sim
7 result/filtrr.sim
7 result/globalize.sim
7 result/html2canvas.sim
7 result/jasmine-ajax.sim
7 result/jquery.hotkeys.sim
7 result/jquery-ui-bootstrap.sim
7 result/json3.sim
7 result/knockout.sim
7 result/openwebapps.sim
7 result/PagedList.sim
7 result/selectorgadget.sim
7 result/URI.js.sim
7 result/wysihtml5.sim
8 result/backbone-nested.sim
8 result/calipso.sim
8 result/Datejs.sim
8 result/eyeballs.js.sim
8 result/jquery-week-calendar.sim
8 result/jsnes.sim
8 result/openbadges.sim
8 result/treesaver.sim
8 result/VIE.sim
8 result/wymeditor.sim
9 result/async.sim
9 result/backbone-express-mongoose-socketio.sim
9 result/backbone.marionette.sim
9 result/node-static.sim
9 result/paper.js.sim
9 result/QuoJS.sim
9 result/RedisLive.sim
10 result/JAIL.sim
10 result/jelly.sim
10 result/sausage.sim
10 result/vexflow.sim
10 result/writeCapture.sim
11 result/Alice.sim
11 result/fusebox.sim
11 result/js-imagediff.sim
11 result/js-signals.sim
11 result/livepipe-ui.sim
11 result/livevalidation.sim
11 result/platform.js.sim
11 result/prototype.sim
11 result/screw-unit.sim
11 result/suggest.sim
11 result/twitter-text-js.sim
11 result/windmill.sim
12 result/brackets.sim
12 result/jQuery-Chrono.sim
12 result/mindmaps.sim
12 result/timeframe.sim
12 result/tombloo.sim
13 result/jQuery-Animate-Enhanced.sim
13 result/mojito.sim
13 result/mootools.sim
15 result/esprima.sim
15 result/jquery-cluetip.sim
15 result/jquerypp.sim
15 result/scripty2.sim
15 result/shapesmith.sim
16 result/collusion.sim
16 result/funcunit.sim
16 result/growl-prototype.sim
16 result/nwm.sim
16 result/syn.sim
17 result/android-actionbarstylegenerator.sim
17 result/backbone-boilerplates.sim
17 result/firebug.sim
17 result/jquery_jeditable.sim
17 result/jquip.sim
17 result/phpjs.sim
17 result/protolicious.sim
17 result/Tilt.sim
18 result/benchmark.js.sim
18 result/data.sim
18 result/hookbox.sim
18 result/ico.sim
18 result/nodeclub.sim
18 result/phonegap-samples.sim
19 result/jquery-address.sim
19 result/mochikit.sim
19 result/popcorn-js.sim
19 result/transform.sim
21 result/loadrunner.sim
21 result/scriptaculous.sim
21 result/wysihat.sim
22 result/rbdb.sim
22 result/studio3.sim
23 result/redmine_backlogs.sim
23 result/substance.sim
23 result/wax.sim
24 result/jDataView.sim
24 result/jquery-carousel-lite.sim
24 result/recurly-js.sim
24 result/stapes.sim
24 result/tiddlywiki.sim
25 result/bootstrap-tour.sim
25 result/jquerytools.sim
25 result/stellar.js.sim
26 result/jqfundamentals.sim
26 result/learn.jquery.com.sim
26 result/timeline-setter.sim
27 result/sizzle.sim
27 result/soca.sim
28 result/gaia.sim
28 result/geo.sim
29 result/rightjs-core.sim
29 result/Tangram-base.sim
29 result/Tangram-component.sim
30 result/jcarousel.sim
30 result/jstree.sim
30 result/skywriter.sim
30 result/todos.sim
31 result/dojo-release-1.7.3-src.sim
31 result/jquery-hashchange.sim
31 result/jwysiwyg.sim
31 result/synapse.sim
32 result/APIConnect.sim
32 result/backbone-ui.sim
32 result/etherpad-lite.sim
33 result/grunt.sim
33 result/r.js.sim
34 result/d3.sim
34 result/noVNC.sim
34 result/olelo.sim
35 result/Control.sim
35 result/jquery-validation.sim
36 result/appengine-boilerplate.sim
36 result/bootstrap-sass-scss-compass.sim
36 result/contracts.coffee.sim
36 result/device.js.sim
36 result/jquery-ui.sim
37 result/jasmine.sim
37 result/nodechat-tutorial.sim
38 result/backbone-boilerplate.sim
39 result/bootstrap.sim
39 result/jquery.eventsource.sim
39 result/kissy.sim
39 result/sass-twitter-bootstrap.sim
40 result/jquery.entwine.sim
40 result/Massive-Coupon---Open-source-groupon-clone.sim
41 result/jquerymx.sim
41 result/pagedown-bootstrap.sim
42 result/jquery-mockjax.sim
44 result/history.js.sim
44 result/JSONSelect.sim
44 result/openspendingjs.sim
44 result/sammy.sim
45 result/unveil.sim
46 result/angular.js.sim
46 result/jscex.sim
46 result/yui3-gallery.sim
49 result/thorax.sim
50 result/machina.js.sim
52 result/fontello.sim
53 result/backbone-fundamentals.sim
53 result/ember.js.sim
54 result/protovis.sim
55 result/dancer.js.sim
55 result/zen-coding.sim
56 result/backbone-aura.sim
57 result/CodeMirror2.sim
57 result/jasmine-reporters.sim
57 result/TermKit.sim
59 result/html5-game-template.sim
59 result/orion.client.sim
60 result/canjs.sim
60 result/nodeunit.sim
61 result/jquery-bbq.sim
64 result/blue-ridge.sim
66 result/emscripten.sim
67 result/WebGLCraft.sim
69 result/dygraphs.sim
71 result/tinymce.sim
72 result/tile5.sim
74 result/philogl.sim
75 result/enyo.sim
75 result/jquery-mobile.sim
75 result/lernanta.sim
75 result/VivaGraphJS.sim
75 result/wtfjs.sim
76 result/instiki.sim
76 result/POSTMan-Chrome-Extension.sim
77 result/env-js.sim
77 result/tapestry5-jquery.sim
79 result/cloud9.sim
79 result/TiddlyWiki5.sim
81 result/recline.sim
83 result/lodash.sim
83 result/obviel.sim
84 result/countly-server.sim
84 result/ice.sim
85 result/Kickstrap.sim
87 result/chico.sim
89 result/datacouch.sim
90 result/swagger-ui.sim
96 result/dustjs.sim
96 result/railsapps.github.com.sim
98 result/amplify.sim
99 result/qooxdoo.sim
100 result/three.js.sim
101 result/khan-exercises.sim
103 result/kindeditor.sim
110 result/ansuz.sim
110 result/steal.sim
111 result/envisionjs.sim
111 result/Flotr2.sim
113 result/montage.sim
114 result/gl-matrix.sim
117 result/jam.sim
122 result/openmind.sim
126 result/MathJax.sim
127 result/dreadnot.sim
131 result/wp-front-end-editor.sim
137 result/postal.js.sim
140 result/tquery.sim
141 result/quote-stream.sim
153 result/openlayers.sim
153 result/todomvc.sim
156 result/ninja.sim
157 result/OpenLayers-2.12.sim
163 result/jquery.sim
167 result/gladius-core.sim
169 result/Aloha-Editor.sim
175 result/ace.sim
204 result/chrome-app-samples.sim
214 result/wro4j.sim
222 result/NewsBlur.sim
234 result/yui_toolbar.sim
240 result/dmv.sim
636 result/core.sim
